Running naive.txt
┌──────────────────────────────┐
│ PATH TRACER WITH MONTE CARLO │
└──────────────────────────────┘
 IMAGE PARAMETERS
 ┬──────────────────────────────
 ├WIDTH                800
 ├HEIGHT               600
 ├SAMPLES              2000
 ├BOUNCES              26
 └OUTPUT IMAGE         cluster_measures/runtime_vs_samples/huge/measures/naive
 -──────────────────────────────
 MEASURE PARAMETERS
 ┬──────────────────────────────
 ├PRINT RATE           100
 ├MEASURES             3
 └OUTPUT MEASURES FILE cluster_measures/runtime_vs_samples/huge/measures/naive.csv
 -──────────────────────────────
 SIMULATION PARAMETERS
 ┬──────────────────────────────
 ├BENCHMARK            huge
 └IMPLEMENTATION       naive
1 measure on 3
image_32bit100 written
