Running naive.txt
┌──────────────────────────────┐
│ PATH TRACER WITH MONTE CARLO │
└──────────────────────────────┘
 IMAGE PARAMETERS
 ┬──────────────────────────────
 ├WIDTH                800
 ├HEIGHT               600
 ├SAMPLES              2000
 ├BOUNCES              26
 └OUTPUT IMAGE         cluster_measures/runtime_vs_samples/huge/measures/naive
 -──────────────────────────────
 MEASURE PARAMETERS
 ┬──────────────────────────────
 ├PRINT RATE           100
 ├MEASURES             3
 └OUTPUT MEASURES FILE cluster_measures/runtime_vs_samples/huge/measures/naive.csv
 -──────────────────────────────
 SIMULATION PARAMETERS
 ┬──────────────────────────────
 ├BENCHMARK            huge
 └IMPLEMENTATION       naive
1 measure on 3
image_32bit100 written
image_32bit200 written
image_32bit300 written
image_32bit400 written
image_32bit500 written
image_32bit600 written
image_32bit700 written
image_32bit800 written
image_32bit900 written
image_32bit1000 written
image_32bit1100 written
image_32bit1200 written
image_32bit1300 written
image_32bit1400 written
