MPI processes: 10
OMP threads per process: 1
Running with 10 Process and 1 CPUs...
┌──────────────────────────────┐
│ PATH TRACER WITH MONTE CARLO │
└──────────────────────────────┘
 IMAGE PARAMETERS
 ┬──────────────────────────────
 ├WIDTH                800
 ├HEIGHT               600
 ├SAMPLES              2000
 ├BOUNCES              26
 └OUTPUT IMAGE         cluster_measures/MPI_vs_OMP/huge/measures/cluster_mpi
 -──────────────────────────────
 MEASURE PARAMETERS
 ┬──────────────────────────────
 ├PRINT RATE           100
 ├MEASURES             1
 └OUTPUT MEASURES FILE cluster_measures/MPI_vs_OMP/huge/measures/cluster_mpi.csv
 -──────────────────────────────
 SIMULATION PARAMETERS
 ┬──────────────────────────────
 ├BENCHMARK            huge
 └IMPLEMENTATION       cluster
1 measure on 1
image_32bit100 written
image_32bit200 written
image_32bit300 written
image_32bit400 written
image_32bit500 written
image_32bit600 written
image_32bit700 written
image_32bit800 written
image_32bit900 written
image_32bit1000 written
image_32bit1100 written
image_32bit1200 written
image_32bit1300 written
image_32bit1400 written
image_32bit1500 written
image_32bit1600 written
image_32bit1700 written
image_32bit1800 written
image_32bit1900 written
image_32bit2000 written
